[2025-01-22T22:50:31-03:00] exit status 1
[2025-01-22T22:50:31-03:00] exit status 1
[2025-01-28T20:01:50-03:00] exit status 1
[2025-01-28T20:02:15-03:00] exit status 1
[2025-01-28T20:02:16-03:00] exit status 1
[2025-01-28T20:45:56-03:00] exit status 1
[2025-01-28T20:45:57-03:00] exit status 1
[2025-01-28T20:46:37-03:00] exit status 1
[2025-01-28T20:46:38-03:00] exit status 1
[2025-01-28T21:49:44-03:00] exit status 1
[2025-01-29T19:58:49-03:00] exit status 1
[2025-01-29T19:58:49-03:00] exit status 1
[2025-01-29T20:07:34-03:00] exit status 1
[2025-01-29T20:07:34-03:00] exit status 1
[2025-01-31T22:38:19-03:00] exit status 1
[2025-01-31T23:59:18-03:00] exit status 1
[2025-02-15T19:15:20-03:00] exit status 1
[2025-02-15T19:15:20-03:00] exit status 1
[2025-02-15T19:17:41-03:00] exit status 1
[2025-02-15T19:17:41-03:00] exit status 1
[2025-02-15T19:18:21-03:00] exit status 1
[2025-02-15T19:18:21-03:00] exit status 1
[2025-03-11T20:11:14-03:00] exit status 1
[2025-03-11T20:11:15-03:00] exit status 1
[2025-03-19T17:03:42-03:00] exit status 1
[2025-03-19T17:03:42-03:00] exit status 1
[2025-03-19T17:05:36-03:00] exit status 1
[2025-03-19T17:05:37-03:00] exit status 1
[2025-04-14T21:43:44-03:00] exit status 1
[2025-04-14T21:43:45-03:00] exit status 1
[2025-04-14T22:14:25-03:00] exit status 2
[2025-04-14T22:14:58-03:00] exit status 2
[2025-04-14T22:18:47-03:00] exit status 2
[2025-04-14T22:18:47-03:00] exit status 2
[2025-04-14T22:21:25-03:00] exit status 2
[2025-04-14T22:21:26-03:00] exit status 2
[2025-04-14T22:21:55-03:00] exit status 2
[2025-04-14T22:21:55-03:00] exit status 2
[2025-04-14T22:23:32-03:00] exit status 2
[2025-04-14T22:23:32-03:00] exit status 2
[2025-04-14T22:24:10-03:00] exit status 2
[2025-04-14T22:24:10-03:00] exit status 2
[2025-04-14T22:25:01-03:00] exit status 2
[2025-04-14T22:25:02-03:00] exit status 2
[2025-04-14T22:25:50-03:00] exit status 2
[2025-04-14T22:25:50-03:00] exit status 2
[2025-04-14T22:28:46-03:00] exit status 2
[2025-04-14T22:29:16-03:00] exit status 2
[2025-04-14T22:29:19-03:00] exit status 2
[2025-04-14T22:29:20-03:00] exit status 2
[2025-04-14T22:29:21-03:00] exit status 2
[2025-04-14T22:29:22-03:00] exit status 2
[2025-04-14T22:30:25-03:00] exit status 2
[2025-04-14T22:30:42-03:00] exit status 2
[2025-04-14T22:33:44-03:00] exit status 2
[2025-04-14T22:37:52-03:00] exit status 2
[2025-06-27T22:05:24-03:00] exit status 1
[2025-06-27T22:05:24-03:00] exit status 1
[2025-06-27T22:05:35-03:00] exit status 1
[2025-06-27T22:05:35-03:00] exit status 1
[2025-06-27T22:05:37-03:00] exit status 1
[2025-06-27T22:05:37-03:00] exit status 1
[2025-06-27T22:15:05-03:00] exit status 1
[2025-06-27T22:15:05-03:00] exit status 1
[2025-06-27T22:15:23-03:00] exit status 1
[2025-06-27T22:15:23-03:00] exit status 1
[2025-06-27T22:19:01-03:00] exit status 1
[2025-06-27T22:19:01-03:00] exit status 1
[2025-06-27T22:19:38-03:00] exit status 1
[2025-06-27T22:19:38-03:00] exit status 1
[2025-06-27T22:21:14-03:00] exit status 1
[2025-06-27T22:21:15-03:00] exit status 1
[2025-06-27T22:25:15-03:00] exit status 1
[2025-06-27T22:25:15-03:00] exit status 1
[2025-06-27T22:25:30-03:00] exit status 1
[2025-06-27T22:25:30-03:00] exit status 1
[2025-06-27T22:25:33-03:00] exit status 1
[2025-06-27T22:25:33-03:00] exit status 1
[2025-06-27T22:29:38-03:00] exit status 1
[2025-06-27T22:29:38-03:00] exit status 1
[2025-08-22T22:19:14-03:00] exit status 1
[2025-08-22T22:19:14-03:00] exit status 1
[2025-08-22T22:19:52-03:00] exit status 1
[2025-08-22T22:19:53-03:00] exit status 1
[2025-09-16T12:01:35-03:00] exit status 1
[2025-09-16T12:01:35-03:00] exit status 1
[2025-09-16T12:10:56-03:00] exit status 1
[2025-09-16T12:10:56-03:00] exit status 1
[2025-09-16T12:11:04-03:00] exit status 1
[2025-09-16T12:11:04-03:00] exit status 1
